PS C:\Users\USER> mkdir git_challenge


    ディレクトリ: C:\Users\USER


Mode                 LastWriteTime         Length Name
----                 -------------         ------ ----
d-----        2023/11/18      0:08                git_challenge


PS C:\Users\USER> echo "Hello,world!" >> hello_world.txt
PS C:\Users\USER> cd git_challenge
PS C:\Users\USER\git_challenge> echo "Hello,world!" >> hello_world.txt
PS C:\Users\USER\git_challenge> git init     
Initialized empty Git repository in C:/Users/USER/git_challenge/.git/
PS C:\Users\USER\git_challenge> git add hello_world.txt
PS C:\Users\USER\git_challenge> git commit -m " hello_world.txtを追加"
[main (root-commit) d9041ca]  hello_world.txtを追加
 1 file changed, 0 insertions(+), 0 deletions(-)
 create mode 100644 hello_world.txt
PS C:\Users\USER\git_challenge> echo "こんにちは、世界！" >> hello_world.txt
PS C:\Users\USER\git_challenge> git add hello_world.txt
PS C:\Users\USER\git_challenge> git commit -m "日本語訳を追加"
[main ea2abbd] 日本語訳を追加
 1 file changed, 0 insertions(+), 0 deletions(-)
PS C:\Users\USER\git_challenge> git log --oneline
ea2abbd (HEAD -> main) 日本語訳を追加
d9041ca  hello_world.txtを追加
